Archive member included to satisfy reference by file (symbol)

c:/st/stm32cubeide_1.6.1/stm32cubeide/plugins/com.st.stm32cube.ide.mcu.externaltools.gnu-tools-for-stm32.9-2020-q2-update.win32_1.5.0.202011040924/tools/bin/../lib/gcc/arm-none-eabi/9.3.1/../../../../arm-none-eabi/lib/thumb/v7-m/nofp\libc_nano.a(lib_a-errno.o)
                              src/heap.o (__errno)
c:/st/stm32cubeide_1.6.1/stm32cubeide/plugins/com.st.stm32cube.ide.mcu.externaltools.gnu-tools-for-stm32.9-2020-q2-update.win32_1.5.0.202011040924/tools/bin/../lib/gcc/arm-none-eabi/9.3.1/../../../../arm-none-eabi/lib/thumb/v7-m/nofp\libc_nano.a(lib_a-exit.o)
                              c:/st/stm32cubeide_1.6.1/stm32cubeide/plugins/com.st.stm32cube.ide.mcu.externaltools.gnu-tools-for-stm32.9-2020-q2-update.win32_1.5.0.202011040924/tools/bin/../lib/gcc/arm-none-eabi/9.3.1/../../../../arm-none-eabi/lib/thumb/v7-m/nofp/crt0.o (exit)
c:/st/stm32cubeide_1.6.1/stm32cubeide/plugins/com.st.stm32cube.ide.mcu.externaltools.gnu-tools-for-stm32.9-2020-q2-update.win32_1.5.0.202011040924/tools/bin/../lib/gcc/arm-none-eabi/9.3.1/../../../../arm-none-eabi/lib/thumb/v7-m/nofp\libc_nano.a(lib_a-impure.o)
                              c:/st/stm32cubeide_1.6.1/stm32cubeide/plugins/com.st.stm32cube.ide.mcu.externaltools.gnu-tools-for-stm32.9-2020-q2-update.win32_1.5.0.202011040924/tools/bin/../lib/gcc/arm-none-eabi/9.3.1/../../../../arm-none-eabi/lib/thumb/v7-m/nofp\libc_nano.a(lib_a-exit.o) (_global_impure_ptr)
c:/st/stm32cubeide_1.6.1/stm32cubeide/plugins/com.st.stm32cube.ide.mcu.externaltools.gnu-tools-for-stm32.9-2020-q2-update.win32_1.5.0.202011040924/tools/bin/../lib/gcc/arm-none-eabi/9.3.1/../../../../arm-none-eabi/lib/thumb/v7-m/nofp\libc_nano.a(lib_a-init.o)
                              c:/st/stm32cubeide_1.6.1/stm32cubeide/plugins/com.st.stm32cube.ide.mcu.externaltools.gnu-tools-for-stm32.9-2020-q2-update.win32_1.5.0.202011040924/tools/bin/../lib/gcc/arm-none-eabi/9.3.1/../../../../arm-none-eabi/lib/thumb/v7-m/nofp/crt0.o (__libc_init_array)
c:/st/stm32cubeide_1.6.1/stm32cubeide/plugins/com.st.stm32cube.ide.mcu.externaltools.gnu-tools-for-stm32.9-2020-q2-update.win32_1.5.0.202011040924/tools/bin/../lib/gcc/arm-none-eabi/9.3.1/../../../../arm-none-eabi/lib/thumb/v7-m/nofp\libc_nano.a(lib_a-malloc.o)
                              src/main.o (malloc)
c:/st/stm32cubeide_1.6.1/stm32cubeide/plugins/com.st.stm32cube.ide.mcu.externaltools.gnu-tools-for-stm32.9-2020-q2-update.win32_1.5.0.202011040924/tools/bin/../lib/gcc/arm-none-eabi/9.3.1/../../../../arm-none-eabi/lib/thumb/v7-m/nofp\libc_nano.a(lib_a-memset.o)
                              c:/st/stm32cubeide_1.6.1/stm32cubeide/plugins/com.st.stm32cube.ide.mcu.externaltools.gnu-tools-for-stm32.9-2020-q2-update.win32_1.5.0.202011040924/tools/bin/../lib/gcc/arm-none-eabi/9.3.1/../../../../arm-none-eabi/lib/thumb/v7-m/nofp/crt0.o (memset)
c:/st/stm32cubeide_1.6.1/stm32cubeide/plugins/com.st.stm32cube.ide.mcu.externaltools.gnu-tools-for-stm32.9-2020-q2-update.win32_1.5.0.202011040924/tools/bin/../lib/gcc/arm-none-eabi/9.3.1/../../../../arm-none-eabi/lib/thumb/v7-m/nofp\libc_nano.a(lib_a-nano-freer.o)
                              c:/st/stm32cubeide_1.6.1/stm32cubeide/plugins/com.st.stm32cube.ide.mcu.externaltools.gnu-tools-for-stm32.9-2020-q2-update.win32_1.5.0.202011040924/tools/bin/../lib/gcc/arm-none-eabi/9.3.1/../../../../arm-none-eabi/lib/thumb/v7-m/nofp\libc_nano.a(lib_a-malloc.o) (_free_r)
c:/st/stm32cubeide_1.6.1/stm32cubeide/plugins/com.st.stm32cube.ide.mcu.externaltools.gnu-tools-for-stm32.9-2020-q2-update.win32_1.5.0.202011040924/tools/bin/../lib/gcc/arm-none-eabi/9.3.1/../../../../arm-none-eabi/lib/thumb/v7-m/nofp\libc_nano.a(lib_a-nano-mallocr.o)
                              c:/st/stm32cubeide_1.6.1/stm32cubeide/plugins/com.st.stm32cube.ide.mcu.externaltools.gnu-tools-for-stm32.9-2020-q2-update.win32_1.5.0.202011040924/tools/bin/../lib/gcc/arm-none-eabi/9.3.1/../../../../arm-none-eabi/lib/thumb/v7-m/nofp\libc_nano.a(lib_a-malloc.o) (_malloc_r)
c:/st/stm32cubeide_1.6.1/stm32cubeide/plugins/com.st.stm32cube.ide.mcu.externaltools.gnu-tools-for-stm32.9-2020-q2-update.win32_1.5.0.202011040924/tools/bin/../lib/gcc/arm-none-eabi/9.3.1/../../../../arm-none-eabi/lib/thumb/v7-m/nofp\libc_nano.a(lib_a-sbrkr.o)
                              c:/st/stm32cubeide_1.6.1/stm32cubeide/plugins/com.st.stm32cube.ide.mcu.externaltools.gnu-tools-for-stm32.9-2020-q2-update.win32_1.5.0.202011040924/tools/bin/../lib/gcc/arm-none-eabi/9.3.1/../../../../arm-none-eabi/lib/thumb/v7-m/nofp\libc_nano.a(lib_a-nano-mallocr.o) (_sbrk_r)
c:/st/stm32cubeide_1.6.1/stm32cubeide/plugins/com.st.stm32cube.ide.mcu.externaltools.gnu-tools-for-stm32.9-2020-q2-update.win32_1.5.0.202011040924/tools/bin/../lib/gcc/arm-none-eabi/9.3.1/../../../../arm-none-eabi/lib/thumb/v7-m/nofp\libc_nano.a(lib_a-mlock.o)
[...]
Memory Configuration

Name             Origin             Length             Attributes
FLASH            0x0000000008000000 0x0000000000100000 xr
RAM              0x0000000020000000 0x000000000001c000 xrw
MEMORY_B1        0x0000000060000000 0x0000000000000000 xr
*default*        0x0000000000000000 0xffffffffffffffff

Linker script and memory map

LOAD c:/st/stm32cubeide_1.6.1/stm32cubeide/plugins/com.st.stm32cube.ide.mcu.externaltools.gnu-tools-for-stm32.9-2020-q2-update.win32_1.5.0.202011040924/tools/bin/../lib/gcc/arm-none-eabi/9.3.1/thumb/v7-m/nofp/crti.o
LOAD c:/st/stm32cubeide_1.6.1/stm32cubeide/plugins/com.st.stm32cube.ide.mcu.externaltools.gnu-tools-for-stm32.9-2020-q2-update.win32_1.5.0.202011040924/tools/bin/../lib/gcc/arm-none-eabi/9.3.1/thumb/v7-m/nofp/crtbegin.o
LOAD c:/st/stm32cubeide_1.6.1/stm32cubeide/plugins/com.st.stm32cube.ide.mcu.externaltools.gnu-tools-for-stm32.9-2020-q2-update.win32_1.5.0.202011040924/tools/bin/../lib/gcc/arm-none-eabi/9.3.1/../../../../arm-none-eabi/lib/thumb/v7-m/nofp/crt0.o
LOAD Libraries/STM32F2xx_StdPeriph_Driver/src/misc.o
LOAD Libraries/STM32F2xx_StdPeriph_Driver/src/stm32f2xx_adc.o
LOAD Libraries/STM32F2xx_StdPeriph_Driver/src/stm32f2xx_can.o
LOAD Libraries/STM32F2xx_StdPeriph_Driver/src/stm32f2xx_crc.o
LOAD Libraries/STM32F2xx_StdPeriph_Driver/src/stm32f2xx_cryp.o
LOAD Libraries/STM32F2xx_StdPeriph_Driver/src/stm32f2xx_cryp_aes.o
LOAD Libraries/STM32F2xx_StdPeriph_Driver/src/stm32f2xx_cryp_des.o
LOAD Libraries/STM32F2xx_StdPeriph_Driver/src/stm32f2xx_cryp_tdes.o
LOAD Libraries/STM32F2xx_StdPeriph_Driver/src/stm32f2xx_dac.o
LOAD Libraries/STM32F2xx_StdPeriph_Driver/src/stm32f2xx_dbgmcu.o
LOAD Libraries/STM32F2xx_StdPeriph_Driver/src/stm32f2xx_dcmi.o
LOAD Libraries/STM32F2xx_StdPeriph_Driver/src/stm32f2xx_dma.o
LOAD Libraries/STM32F2xx_StdPeriph_Driver/src/stm32f2xx_exti.o
LOAD Libraries/STM32F2xx_StdPeriph_Driver/src/stm32f2xx_flash.o
LOAD Libraries/STM32F2xx_StdPeriph_Driver/src/stm32f2xx_fsmc.o
LOAD Libraries/STM32F2xx_StdPeriph_Driver/src/stm32f2xx_gpio.o
LOAD Libraries/STM32F2xx_StdPeriph_Driver/src/stm32f2xx_hash.o
LOAD Libraries/STM32F2xx_StdPeriph_Driver/src/stm32f2xx_hash_md5.o
LOAD Libraries/STM32F2xx_StdPeriph_Driver/src/stm32f2xx_hash_sha1.o
LOAD Libraries/STM32F2xx_StdPeriph_Driver/src/stm32f2xx_i2c.o
LOAD Libraries/STM32F2xx_StdPeriph_Driver/src/stm32f2xx_iwdg.o
LOAD Libraries/STM32F2xx_StdPeriph_Driver/src/stm32f2xx_pwr.o
LOAD Libraries/STM32F2xx_StdPeriph_Driver/src/stm32f2xx_rcc.o
LOAD Libraries/STM32F2xx_StdPeriph_Driver/src/stm32f2xx_rng.o
LOAD Libraries/STM32F2xx_StdPeriph_Driver/src/stm32f2xx_rtc.o
LOAD Libraries/STM32F2xx_StdPeriph_Driver/src/stm32f2xx_sdio.o
LOAD Libraries/STM32F2xx_StdPeriph_Driver/src/stm32f2xx_spi.o
LOAD Libraries/STM32F2xx_StdPeriph_Driver/src/stm32f2xx_syscfg.o
LOAD Libraries/STM32F2xx_StdPeriph_Driver/src/stm32f2xx_tim.o
LOAD Libraries/STM32F2xx_StdPeriph_Driver/src/stm32f2xx_usart.o
LOAD Libraries/STM32F2xx_StdPeriph_Driver/src/stm32f2xx_wwdg.o
LOAD src/heap.o
LOAD src/main.o
LOAD src/signals.o
LOAD src/startup_stm32f2xx.o
LOAD src/stm32f2xx_it.o
LOAD src/system.o
LOAD src/transfer-queue.o
START GROUP
LOAD c:/st/stm32cubeide_1.6.1/stm32cubeide/plugins/com.st.stm32cube.ide.mcu.externaltools.gnu-tools-for-stm32.9-2020-q2-update.win32_1.5.0.202011040924/tools/bin/../lib/gcc/arm-none-eabi/9.3.1/../../../../arm-none-eabi/lib/thumb/v7-m/nofp\libc_nano.a
LOAD c:/st/stm32cubeide_1.6.1/stm32cubeide/plugins/com.st.stm32cube.ide.mcu.externaltools.gnu-tools-for-stm32.9-2020-q2-update.win32_1.5.0.202011040924/tools/bin/../lib/gcc/arm-none-eabi/9.3.1/../../../../arm-none-eabi/lib/thumb/v7-m/nofp\libm.a
END GROUP
START GROUP
LOAD c:/st/stm32cubeide_1.6.1/stm32cubeide/plugins/com.st.stm32cube.ide.mcu.externaltools.gnu-tools-for-stm32.9-2020-q2-update.win32_1.5.0.202011040924/tools/bin/../lib/gcc/arm-none-eabi/9.3.1/thumb/v7-m/nofp\libgcc.a
LOAD c:/st/stm32cubeide_1.6.1/stm32cubeide/plugins/com.st.stm32cube.ide.mcu.externaltools.gnu-tools-for-stm32.9-2020-q2-update.win32_1.5.0.202011040924/tools/bin/../lib/gcc/arm-none-eabi/9.3.1/../../../../arm-none-eabi/lib/thumb/v7-m/nofp\libc_nano.a
END GROUP
START GROUP
LOAD c:/st/stm32cubeide_1.6.1/stm32cubeide/plugins/com.st.stm32cube.ide.mcu.externaltools.gnu-tools-for-stm32.9-2020-q2-update.win32_1.5.0.202011040924/tools/bin/../lib/gcc/arm-none-eabi/9.3.1/thumb/v7-m/nofp\libgcc.a
LOAD c:/st/stm32cubeide_1.6.1/stm32cubeide/plugins/com.st.stm32cube.ide.mcu.externaltools.gnu-tools-for-stm32.9-2020-q2-update.win32_1.5.0.202011040924/tools/bin/../lib/gcc/arm-none-eabi/9.3.1/../../../../arm-none-eabi/lib/thumb/v7-m/nofp\libc_nano.a
LOAD c:/st/stm32cubeide_1.6.1/stm32cubeide/plugins/com.st.stm32cube.ide.mcu.externaltools.gnu-tools-for-stm32.9-2020-q2-update.win32_1.5.0.202011040924/tools/bin/../lib/gcc/arm-none-eabi/9.3.1/../../../../arm-none-eabi/lib/thumb/v7-m/nofp\libnosys.a
END GROUP
START GROUP
LOAD c:/st/stm32cubeide_1.6.1/stm32cubeide/plugins/com.st.stm32cube.ide.mcu.externaltools.gnu-tools-for-stm32.9-2020-q2-update.win32_1.5.0.202011040924/tools/bin/../lib/gcc/arm-none-eabi/9.3.1/thumb/v7-m/nofp\libgcc.a
LOAD c:/st/stm32cubeide_1.6.1/stm32cubeide/plugins/com.st.stm32cube.ide.mcu.externaltools.gnu-tools-for-stm32.9-2020-q2-update.win32_1.5.0.202011040924/tools/bin/../lib/gcc/arm-none-eabi/9.3.1/../../../../arm-none-eabi/lib/thumb/v7-m/nofp\libc_nano.a
LOAD c:/st/stm32cubeide_1.6.1/stm32cubeide/plugins/com.st.stm32cube.ide.mcu.externaltools.gnu-tools-for-stm32.9-2020-q2-update.win32_1.5.0.202011040924/tools/bin/../lib/gcc/arm-none-eabi/9.3.1/../../../../arm-none-eabi/lib/thumb/v7-m/nofp\libnosys.a
END GROUP
LOAD c:/st/stm32cubeide_1.6.1/stm32cubeide/plugins/com.st.stm32cube.ide.mcu.externaltools.gnu-tools-for-stm32.9-2020-q2-update.win32_1.5.0.202011040924/tools/bin/../lib/gcc/arm-none-eabi/9.3.1/thumb/v7-m/nofp/crtend.o
LOAD c:/st/stm32cubeide_1.6.1/stm32cubeide/plugins/com.st.stm32cube.ide.mcu.externaltools.gnu-tools-for-stm32.9-2020-q2-update.win32_1.5.0.202011040924/tools/bin/../lib/gcc/arm-none-eabi/9.3.1/thumb/v7-m/nofp/crtn.o
                0x000000002001c000                _estack = 0x2001c000
                0x0000000000001000                _Min_Heap_Size = 0x1000
                0x0000000000000400                _Min_Stack_Size = 0x400

.isr_vector     0x0000000008000000      0x184
                0x0000000008000000                . = ALIGN (0x4)
 *(.isr_vector)
 .isr_vector    0x0000000008000000      0x184 src/startup_stm32f2xx.o
                0x0000000008000000                g_pfnVectors
                0x0000000008000184                . = ALIGN (0x4)

.text           0x0000000008000184     0x32b4
                0x0000000008000184                . = ALIGN (0x4)
 *(.text)
 .text          0x0000000008000184       0x40 c:/st/stm32cubeide_1.6.1/stm32cubeide/plugins/com.st.stm32cube.ide.mcu.externaltools.gnu-tools-for-stm32.9-2020-q2-update.win32_1.5.0.202011040924/tools/bin/../lib/gcc/arm-none-eabi/9.3.1/thumb/v7-m/nofp/crtbegin.o
 *(.text*)
 .text.NVIC_Init
                0x00000000080001c4       0xc4 Libraries/STM32F2xx_StdPeriph_Driver/src/misc.o
                0x00000000080001c4                NVIC_Init
 .text.SysTick_CLKSourceConfig
                0x0000000008000288       0x38 Libraries/STM32F2xx_StdPeriph_Driver/src/misc.o
                0x0000000008000288                SysTick_CLKSourceConfig
 .text.FLASH_SetLatency
                0x00000000080002c0       0x20 Libraries/STM32F2xx_StdPeriph_Driver/src/stm32f2xx_flash.o
                0x00000000080002c0                FLASH_SetLatency
 .text.FLASH_PrefetchBufferCmd
                0x00000000080002e0       0x38 Libraries/STM32F2xx_StdPeriph_Driver/src/stm32f2xx_flash.o
                0x00000000080002e0                FLASH_PrefetchBufferCmd
 .text.FLASH_InstructionCacheCmd
                0x0000000008000318       0x38 Libraries/STM32F2xx_StdPeriph_Driver/src/stm32f2xx_flash.o
                0x0000000008000318                FLASH_InstructionCacheCmd
 .text.FLASH_DataCacheCmd
                0x0000000008000350       0x38 Libraries/STM32F2xx_StdPeriph_Driver/src/stm32f2xx_flash.o
                0x0000000008000350                FLASH_DataCacheCmd
 .text.GPIO_Init
                0x0000000008000388      0x11c Libraries/STM32F2xx_StdPeriph_Driver/src/stm32f2xx_gpio.o
                0x0000000008000388                GPIO_Init
 .text.GPIO_PinAFConfig
                0x00000000080004a4       0x90 Libraries/STM32F2xx_StdPeriph_Driver/src/stm32f2xx_gpio.o
                0x00000000080004a4                GPIO_PinAFConfig
 .text.RCC_HSEConfig
                0x0000000008000534       0x24 Libraries/STM32F2xx_StdPeriph_Driver/src/stm32f2xx_rcc.o
                0x0000000008000534                RCC_HSEConfig
 .text.RCC_PLLConfig
                0x0000000008000558       0x3c Libraries/STM32F2xx_StdPeriph_Driver/src/stm32f2xx_rcc.o
                0x0000000008000558                RCC_PLLConfig
 .text.RCC_PLLCmd
                0x0000000008000594       0x20 Libraries/STM32F2xx_StdPeriph_Driver/src/stm32f2xx_rcc.o
                0x0000000008000594                RCC_PLLCmd
 .text.RCC_SYSCLKConfig
                0x00000000080005b4       0x38 Libraries/STM32F2xx_StdPeriph_Driver/src/stm32f2xx_rcc.o
                0x00000000080005b4                RCC_SYSCLKConfig
 .text.RCC_HCLKConfig
                0x00000000080005ec       0x38 Libraries/STM32F2xx_StdPeriph_Driver/src/stm32f2xx_rcc.o
                0x00000000080005ec                RCC_HCLKConfig
 .text.RCC_PCLK1Config
                0x0000000008000624       0x38 Libraries/STM32F2xx_StdPeriph_Driver/src/stm32f2xx_rcc.o
                0x0000000008000624                RCC_PCLK1Config
 .text.RCC_PCLK2Config
                0x000000000800065c       0x38 Libraries/STM32F2xx_StdPeriph_Driver/src/stm32f2xx_rcc.o
                0x000000000800065c                RCC_PCLK2Config
 .text.RCC_GetClocksFreq
                0x0000000008000694      0x15c Libraries/STM32F2xx_StdPeriph_Driver/src/stm32f2xx_rcc.o
                0x0000000008000694                RCC_GetClocksFreq
 .text.RCC_AHB1PeriphClockCmd
                0x00000000080007f0       0x3c Libraries/STM32F2xx_StdPeriph_Driver/src/stm32f2xx_rcc.o
                0x00000000080007f0                RCC_AHB1PeriphClockCmd
 .text.RCC_APB1PeriphClockCmd
                0x000000000800082c       0x3c Libraries/STM32F2xx_StdPeriph_Driver/src/stm32f2xx_rcc.o
                0x000000000800082c                RCC_APB1PeriphClockCmd
 .text.RCC_APB2PeriphClockCmd
                0x0000000008000868       0x3c Libraries/STM32F2xx_StdPeriph_Driver/src/stm32f2xx_rcc.o
                0x0000000008000868                RCC_APB2PeriphClockCmd
 .text.RCC_GetFlagStatus
                0x00000000080008a4       0x74 Libraries/STM32F2xx_StdPeriph_Driver/src/stm32f2xx_rcc.o
                0x00000000080008a4                RCC_GetFlagStatus
 .text.TIM_TimeBaseInit
                0x0000000008000918       0xd4 Libraries/STM32F2xx_StdPeriph_Driver/src/stm32f2xx_tim.o
                0x0000000008000918                TIM_TimeBaseInit
 .text.TIM_Cmd  0x00000000080009ec       0x3e Libraries/STM32F2xx_StdPeriph_Driver/src/stm32f2xx_tim.o
                0x00000000080009ec                TIM_Cmd
 .text.TIM_CtrlPWMOutputs
                0x0000000008000a2a       0x4a Libraries/STM32F2xx_StdPeriph_Driver/src/stm32f2xx_tim.o
                0x0000000008000a2a                TIM_CtrlPWMOutputs
 .text.TIM_ITConfig
                0x0000000008000a74       0x46 Libraries/STM32F2xx_StdPeriph_Driver/src/stm32f2xx_tim.o
                0x0000000008000a74                TIM_ITConfig
 .text.TIM_ClearITPendingBit
                0x0000000008000aba       0x20 Libraries/STM32F2xx_StdPeriph_Driver/src/stm32f2xx_tim.o
                0x0000000008000aba                TIM_ClearITPendingBit
 *fill*         0x0000000008000ada        0x2 
 .text.USART_Init
                0x0000000008000adc      0x174 Libraries/STM32F2xx_StdPeriph_Driver/src/stm32f2xx_usart.o
                0x0000000008000adc                USART_Init
 .text.USART_Cmd
                0x0000000008000c50       0x3e Libraries/STM32F2xx_StdPeriph_Driver/src/stm32f2xx_usart.o
                0x0000000008000c50                USART_Cmd
 .text.USART_ITConfig
                0x0000000008000c8e       0x8e Libraries/STM32F2xx_StdPeriph_Driver/src/stm32f2xx_usart.o
                0x0000000008000c8e                USART_ITConfig
 .text._sbrk    0x0000000008000d1c       0x68 src/heap.o
                0x0000000008000d1c                _sbrk
 .text.NVIC_EnableIRQ
                0x0000000008000d84       0x30 src/main.o
 .text.NVIC_DisableIRQ
                0x0000000008000db4       0x34 src/main.o
 .text.vSetupPwm
                0x0000000008000de8      0x278 src/main.o
 .text.vSetupHtl
                0x0000000008001060      0x3c0 src/main.o
 .text.vSetDefaultConfiguration
                0x0000000008001420       0x3c src/main.o
                0x0000000008001420                vSetDefaultConfiguration
 .text.vBuildResponse
                0x000000000800145c      0xcac src/main.o
                0x000000000800145c                vBuildResponse
 .text.vOnTheFlyConfigurator
                0x0000000008002108       0xc0 src/main.o
                0x0000000008002108                vOnTheFlyConfigurator
 .text.vTransmitQueueData
                0x00000000080021c8       0x80 src/main.o
                0x00000000080021c8                vTransmitQueueData
 .text.main     0x0000000008002248      0x5a0 src/main.o
                0x0000000008002248                main
 .text.SysTick_Handler
                0x00000000080027e8       0x24 src/main.o
                0x00000000080027e8                SysTick_Handler
 .text.TIM1_UP_TIM10_IRQHandler
                0x000000000800280c      0x3cc src/main.o
                0x000000000800280c                TIM1_UP_TIM10_IRQHandler
 .text.USART3_IRQHandler
                0x0000000008002bd8       0x7c src/main.o
                0x0000000008002bd8                USART3_IRQHandler
 .text.vSetShifts
                0x0000000008002c54       0x44 src/signals.o
                0x0000000008002c54                vSetShifts
 .text.vSetMode
                0x0000000008002c98       0x3c src/signals.o
                0x0000000008002c98                vSetMode
 .text.vSetFrequencies
                0x0000000008002cd4       0x54 src/signals.o
                0x0000000008002cd4                vSetFrequencies
 .text.vSetAmplitudesAndOffsets
                0x0000000008002d28       0x64 src/signals.o
                0x0000000008002d28                vSetAmplitudesAndOffsets
 .text.Reset_Handler
                0x0000000008002d8c       0x50 src/startup_stm32f2xx.o
                0x0000000008002d8c                Reset_Handler
 .text.Default_Handler
                0x0000000008002ddc        0x2 src/startup_stm32f2xx.o
                0x0000000008002ddc                RTC_Alarm_IRQHandler
                0x0000000008002ddc                HASH_RNG_IRQHandler
                0x0000000008002ddc                EXTI2_IRQHandler
                0x0000000008002ddc                TIM8_CC_IRQHandler
                0x0000000008002ddc                TIM1_CC_IRQHandler
                0x0000000008002ddc                DMA2_Stream5_IRQHandler
                0x0000000008002ddc                DMA1_Stream5_IRQHandler
                0x0000000008002ddc                PVD_IRQHandler
                0x0000000008002ddc                SDIO_IRQHandler
                0x0000000008002ddc                TAMP_STAMP_IRQHandler
                0x0000000008002ddc                CAN2_RX1_IRQHandler
                0x0000000008002ddc                EXTI3_IRQHandler
                0x0000000008002ddc                TIM8_TRG_COM_TIM14_IRQHandler
                0x0000000008002ddc                TIM8_UP_TIM13_IRQHandler
                0x0000000008002ddc                I2C3_ER_IRQHandler
                0x0000000008002ddc                EXTI0_IRQHandler
                0x0000000008002ddc                I2C2_EV_IRQHandler
                0x0000000008002ddc                DMA1_Stream2_IRQHandler
                0x0000000008002ddc                CAN1_RX0_IRQHandler
                0x0000000008002ddc                OTG_HS_WKUP_IRQHandler
                0x0000000008002ddc                CAN2_SCE_IRQHandler
                0x0000000008002ddc                DMA2_Stream2_IRQHandler
                0x0000000008002ddc                SPI1_IRQHandler
                0x0000000008002ddc                TIM6_DAC_IRQHandler
                0x0000000008002ddc                TIM1_BRK_TIM9_IRQHandler
                0x0000000008002ddc                DCMI_IRQHandler
                0x0000000008002ddc                CAN2_RX0_IRQHandler
                0x0000000008002ddc                DMA2_Stream3_IRQHandler
                0x0000000008002ddc                USART6_IRQHandler
                0x0000000008002ddc                CRYP_IRQHandler
                0x0000000008002ddc                CAN1_RX1_IRQHandler
                0x0000000008002ddc                UART5_IRQHandler
                0x0000000008002ddc                DMA2_Stream0_IRQHandler
                0x0000000008002ddc                TIM4_IRQHandler
                0x0000000008002ddc                I2C1_EV_IRQHandler
                0x0000000008002ddc                DMA1_Stream6_IRQHandler
                0x0000000008002ddc                DMA1_Stream1_IRQHandler
                0x0000000008002ddc                UART4_IRQHandler
                0x0000000008002ddc                TIM3_IRQHandler
                0x0000000008002ddc                RCC_IRQHandler
                0x0000000008002ddc                TIM8_BRK_TIM12_IRQHandler
                0x0000000008002ddc                Default_Handler
                0x0000000008002ddc                EXTI15_10_IRQHandler
                0x0000000008002ddc                ADC_IRQHandler
                0x0000000008002ddc                DMA1_Stream7_IRQHandler
                0x0000000008002ddc                TIM7_IRQHandler
                0x0000000008002ddc                CAN2_TX_IRQHandler
                0x0000000008002ddc                TIM5_IRQHandler
                0x0000000008002ddc                DMA2_Stream7_IRQHandler
                0x0000000008002ddc                I2C3_EV_IRQHandler
                0x0000000008002ddc                EXTI9_5_IRQHandler
                0x0000000008002ddc                RTC_WKUP_IRQHandler
                0x0000000008002ddc                ETH_WKUP_IRQHandler
                0x0000000008002ddc                SPI2_IRQHandler
                0x0000000008002ddc                OTG_HS_EP1_IN_IRQHandler
                0x0000000008002ddc                DMA1_Stream0_IRQHandler
                0x0000000008002ddc                CAN1_TX_IRQHandler
                0x0000000008002ddc                EXTI4_IRQHandler
                0x0000000008002ddc                FSMC_IRQHandler
                0x0000000008002ddc                ETH_IRQHandler
                0x0000000008002ddc                OTG_HS_EP1_OUT_IRQHandler
                0x0000000008002ddc                WWDG_IRQHandler
                0x0000000008002ddc                TIM2_IRQHandler
                0x0000000008002ddc                OTG_FS_WKUP_IRQHandler
                0x0000000008002ddc                TIM1_TRG_COM_TIM11_IRQHandler
                0x0000000008002ddc                OTG_HS_IRQHandler
                0x0000000008002ddc                EXTI1_IRQHandler
                0x0000000008002ddc                USART2_IRQHandler
                0x0000000008002ddc                I2C2_ER_IRQHandler
                0x0000000008002ddc                DMA2_Stream1_IRQHandler
                0x0000000008002ddc                CAN1_SCE_IRQHandler
                0x0000000008002ddc                FLASH_IRQHandler
                0x0000000008002ddc                DMA2_Stream4_IRQHandler
                0x0000000008002ddc                USART1_IRQHandler
                0x0000000008002ddc                OTG_FS_IRQHandler
                0x0000000008002ddc                SPI3_IRQHandler
                0x0000000008002ddc                DMA1_Stream4_IRQHandler
                0x0000000008002ddc                I2C1_ER_IRQHandler
                0x0000000008002ddc                DMA2_Stream6_IRQHandler
                0x0000000008002ddc                DMA1_Stream3_IRQHandler
 .text.NMI_Handler
                0x0000000008002dde        0xc src/stm32f2xx_it.o
                0x0000000008002dde                NMI_Handler
 .text.HardFault_Handler
                0x0000000008002dea        0x6 src/stm32f2xx_it.o
                0x0000000008002dea                HardFault_Handler
 .text.MemManage_Handler
                0x0000000008002df0        0x6 src/stm32f2xx_it.o
                0x0000000008002df0                MemManage_Handler
 .text.BusFault_Handler
                0x0000000008002df6        0x6 src/stm32f2xx_it.o
                0x0000000008002df6                BusFault_Handler
 .text.UsageFault_Handler
                0x0000000008002dfc        0x6 src/stm32f2xx_it.o
                0x0000000008002dfc                UsageFault_Handler
 .text.SVC_Handler
                0x0000000008002e02        0xc src/stm32f2xx_it.o
                0x0000000008002e02                SVC_Handler
 .text.DebugMon_Handler
                0x0000000008002e0e        0xc src/stm32f2xx_it.o
                0x0000000008002e0e                DebugMon_Handler
 .text.PendSV_Handler
                0x0000000008002e1a        0xc src/stm32f2xx_it.o
                0x0000000008002e1a                PendSV_Handler
 *fill*         0x0000000008002e26        0x2 
 .text.NVIC_SetPriority
                0x0000000008002e28       0x54 src/system.o
 .text.SysTick_Config
                0x0000000008002e7c       0x44 src/system.o
 .text.SystemInit
                0x0000000008002ec0       0x5c src/system.o
                0x0000000008002ec0                SystemInit
 .text.vSystemConfigureGenerator
                0x0000000008002f1c      0x118 src/system.o
                0x0000000008002f1c                vSystemConfigureGenerator
 .text.vSystemConfigureUart
                0x0000000008003034       0xb8 src/system.o
                0x0000000008003034                vSystemConfigureUart
 .text.vSystemConfigureMisc
                0x00000000080030ec       0x1c src/system.o
                0x00000000080030ec                vSystemConfigureMisc
 .text.vSystemSetTicktime
                0x0000000008003108       0x2c src/system.o
                0x0000000008003108                vSystemSetTicktime
 .text.vSystemConfigureClocks
                0x0000000008003134       0x82 src/system.o
                0x0000000008003134                vSystemConfigureClocks
 *fill*         0x00000000080031b6        0x2 
 .text.vInitQueues
                0x00000000080031b8       0x5c src/transfer-queue.o
                0x00000000080031b8                vInitQueues
 .text.__errno  0x0000000008003214        0xc c:/st/stm32cubeide_1.6.1/stm32cubeide/plugins/com.st.stm32cube.ide.mcu.externaltools.gnu-tools-for-stm32.9-2020-q2-update.win32_1.5.0.202011040924/tools/bin/../lib/gcc/arm-none-eabi/9.3.1/../../../../arm-none-eabi/lib/thumb/v7-m/nofp\libc_nano.a(lib_a-errno.o)
                0x0000000008003214                __errno
 .text.__libc_init_array
                0x0000000008003220       0x48 c:/st/stm32cubeide_1.6.1/stm32cubeide/plugins/com.st.stm32cube.ide.mcu.externaltools.gnu-tools-for-stm32.9-2020-q2-update.win32_1.5.0.202011040924/tools/bin/../lib/gcc/arm-none-eabi/9.3.1/../../../../arm-none-eabi/lib/thumb/v7-m/nofp\libc_nano.a(lib_a-init.o)
                0x0000000008003220                __libc_init_array
 .text.malloc   0x0000000008003268       0x10 c:/st/stm32cubeide_1.6.1/stm32cubeide/plugins/com.st.stm32cube.ide.mcu.externaltools.gnu-tools-for-stm32.9-2020-q2-update.win32_1.5.0.202011040924/tools/bin/../lib/gcc/arm-none-eabi/9.3.1/../../../../arm-none-eabi/lib/thumb/v7-m/nofp\libc_nano.a(lib_a-malloc.o)
                0x0000000008003268                malloc
 .text.free     0x0000000008003278       0x10 c:/st/stm32cubeide_1.6.1/stm32cubeide/plugins/com.st.stm32cube.ide.mcu.externaltools.gnu-tools-for-stm32.9-2020-q2-update.win32_1.5.0.202011040924/tools/bin/../lib/gcc/arm-none-eabi/9.3.1/../../../../arm-none-eabi/lib/thumb/v7-m/nofp\libc_nano.a(lib_a-malloc.o)
                0x0000000008003278                free
 .text.memset   0x0000000008003288       0x10 c:/st/stm32cubeide_1.6.1/stm32cubeide/plugins/com.st.stm32cube.ide.mcu.externaltools.gnu-tools-for-stm32.9-2020-q2-update.win32_1.5.0.202011040924/tools/bin/../lib/gcc/arm-none-eabi/9.3.1/../../../../arm-none-eabi/lib/thumb/v7-m/nofp\libc_nano.a(lib_a-memset.o)
                0x0000000008003288                memset
 .text._free_r  0x0000000008003298       0x98 c:/st/stm32cubeide_1.6.1/stm32cubeide/plugins/com.st.stm32cube.ide.mcu.externaltools.gnu-tools-for-stm32.9-2020-q2-update.win32_1.5.0.202011040924/tools/bin/../lib/gcc/arm-none-eabi/9.3.1/../../../../arm-none-eabi/lib/thumb/v7-m/nofp\libc_nano.a(lib_a-nano-freer.o)
                0x0000000008003298                _free_r
 .text._malloc_r
                0x0000000008003330       0xb4 c:/st/stm32cubeide_1.6.1/stm32cubeide/plugins/com.st.stm32cube.ide.mcu.externaltools.gnu-tools-for-stm32.9-2020-q2-update.win32_1.5.0.202011040924/tools/bin/../lib/gcc/arm-none-eabi/9.3.1/../../../../arm-none-eabi/lib/thumb/v7-m/nofp\libc_nano.a(lib_a-nano-mallocr.o)
                0x0000000008003330                _malloc_r
 .text._sbrk_r  0x00000000080033e4       0x20 c:/st/stm32cubeide_1.6.1/stm32cubeide/plugins/com.st.stm32cube.ide.mcu.externaltools.gnu-tools-for-stm32.9-2020-q2-update.win32_1.5.0.202011040924/tools/bin/../lib/gcc/arm-none-eabi/9.3.1/../../../../arm-none-eabi/lib/thumb/v7-m/nofp\libc_nano.a(lib_a-sbrkr.o)
                0x00000000080033e4                _sbrk_r
 .text.__malloc_lock
                0x0000000008003404        0xc c:/st/stm32cubeide_1.6.1/stm32cubeide/plugins/com.st.stm32cube.ide.mcu.externaltools.gnu-tools-for-stm32.9-2020-q2-update.win32_1.5.0.202011040924/tools/bin/../lib/gcc/arm-none-eabi/9.3.1/../../../../arm-none-eabi/lib/thumb/v7-m/nofp\libc_nano.a(lib_a-mlock.o)
                0x0000000008003404                __malloc_lock
 .text.__malloc_unlock
                0x0000000008003410        0xc c:/st/stm32cubeide_1.6.1/stm32cubeide/plugins/com.st.stm32cube.ide.mcu.externaltools.gnu-tools-for-stm32.9-2020-q2-update.win32_1.5.0.202011040924/tools/bin/../lib/gcc/arm-none-eabi/9.3.1/../../../../arm-none-eabi/lib/thumb/v7-m/nofp\libc_nano.a(lib_a-mlock.o)
                0x0000000008003410                __malloc_unlock
 .text.__retarget_lock_acquire_recursive
                0x000000000800341c        0x2 c:/st/stm32cubeide_1.6.1/stm32cubeide/plugins/com.st.stm32cube.ide.mcu.externaltools.gnu-tools-for-stm32.9-2020-q2-update.win32_1.5.0.202011040924/tools/bin/../lib/gcc/arm-none-eabi/9.3.1/../../../../arm-none-eabi/lib/thumb/v7-m/nofp\libc_nano.a(lib_a-lock.o)
                0x000000000800341c                __retarget_lock_acquire_recursive
 .text.__retarget_lock_release_recursive
                0x000000000800341e        0x2 c:/st/stm32cubeide_1.6.1/stm32cubeide/plugins/com.st.stm32cube.ide.mcu.externaltools.gnu-tools-for-stm32.9-2020-q2-update.win32_1.5.0.202011040924/tools/bin/../lib/gcc/arm-none-eabi/9.3.1/../../../../arm-none-eabi/lib/thumb/v7-m/nofp\libc_nano.a(lib_a-lock.o)
                0x000000000800341e                __retarget_lock_release_recursive
 *(.glue_7)
 .glue_7        0x0000000008003420        0x0 linker stubs
 *(.glue_7t)
 .glue_7t       0x0000000008003420        0x0 linker stubs
 *(.eh_frame)
 .eh_frame      0x0000000008003420        0x0 c:/st/stm32cubeide_1.6.1/stm32cubeide/plugins/com.st.stm32cube.ide.mcu.externaltools.gnu-tools-for-stm32.9-2020-q2-update.win32_1.5.0.202011040924/tools/bin/../lib/gcc/arm-none-eabi/9.3.1/thumb/v7-m/nofp/crtbegin.o
 *(.init)
 .init          0x0000000008003420        0x4 c:/st/stm32cubeide_1.6.1/stm32cubeide/plugins/com.st.stm32cube.ide.mcu.externaltools.gnu-tools-for-stm32.9-2020-q2-update.win32_1.5.0.202011040924/tools/bin/../lib/gcc/arm-none-eabi/9.3.1/thumb/v7-m/nofp/crti.o
                0x0000000008003420                _init
 .init          0x0000000008003424        0x8 c:/st/stm32cubeide_1.6.1/stm32cubeide/plugins/com.st.stm32cube.ide.mcu.externaltools.gnu-tools-for-stm32.9-2020-q2-update.win32_1.5.0.202011040924/tools/bin/../lib/gcc/arm-none-eabi/9.3.1/thumb/v7-m/nofp/crtn.o
 *(.fini)
 .fini          0x000000000800342c        0x4 c:/st/stm32cubeide_1.6.1/stm32cubeide/plugins/com.st.stm32cube.ide.mcu.externaltools.gnu-tools-for-stm32.9-2020-q2-update.win32_1.5.0.202011040924/tools/bin/../lib/gcc/arm-none-eabi/9.3.1/thumb/v7-m/nofp/crti.o
                0x000000000800342c                _fini
 .fini          0x0000000008003430        0x8 c:/st/stm32cubeide_1.6.1/stm32cubeide/plugins/com.st.stm32cube.ide.mcu.externaltools.gnu-tools-for-stm32.9-2020-q2-update.win32_1.5.0.202011040924/tools/bin/../lib/gcc/arm-none-eabi/9.3.1/thumb/v7-m/nofp/crtn.o
                0x0000000008003438                . = ALIGN (0x4)
                0x0000000008003438                _etext = .

.vfp11_veneer   0x0000000008003438        0x0
 .vfp11_veneer  0x0000000008003438        0x0 linker stubs

.v4_bx          0x0000000008003438        0x0
 .v4_bx         0x0000000008003438        0x0 linker stubs

.iplt           0x0000000008003438        0x0
 .iplt          0x0000000008003438        0x0 c:/st/stm32cubeide_1.6.1/stm32cubeide/plugins/com.st.stm32cube.ide.mcu.externaltools.gnu-tools-for-stm32.9-2020-q2-update.win32_1.5.0.202011040924/tools/bin/../lib/gcc/arm-none-eabi/9.3.1/thumb/v7-m/nofp/crtbegin.o

.rodata         0x0000000008003438     0xfa10
                0x0000000008003438                . = ALIGN (0x4)
 *(.rodata)
 .rodata        0x0000000008003438       0x10 src/system.o
 *(.rodata*)
 .rodata.arrui32SignalTable
                0x0000000008003448     0xfa00 src/main.o
                0x0000000008003448                arrui32SignalTable
                0x0000000008012e48                . = ALIGN (0x4)

.rel.dyn        0x0000000008012e48        0x0
 .rel.iplt      0x0000000008012e48        0x0 c:/st/stm32cubeide_1.6.1/stm32cubeide/plugins/com.st.stm32cube.ide.mcu.externaltools.gnu-tools-for-stm32.9-2020-q2-update.win32_1.5.0.202011040924/tools/bin/../lib/gcc/arm-none-eabi/9.3.1/thumb/v7-m/nofp/crtbegin.o

.ARM.extab
 *(.ARM.extab* .gnu.linkonce.armextab.*)

.ARM            0x0000000008012e48        0x0
                0x0000000008012e48                __exidx_start = .
 *(.ARM.exidx*)
                0x0000000008012e48                __exidx_end = .

.preinit_array  0x0000000008012e48        0x0
                0x0000000008012e48                PROVIDE (__preinit_array_start = .)
 *(.preinit_array*)
                0x0000000008012e48                PROVIDE (__preinit_array_end = .)

.init_array     0x0000000008012e48        0x4
                0x0000000008012e48                PROVIDE (__init_array_start = .)
 *(SORT_BY_NAME(.init_array.*))
 *(.init_array*)
 .init_array    0x0000000008012e48        0x4 c:/st/stm32cubeide_1.6.1/stm32cubeide/plugins/com.st.stm32cube.ide.mcu.externaltools.gnu-tools-for-stm32.9-2020-q2-update.win32_1.5.0.202011040924/tools/bin/../lib/gcc/arm-none-eabi/9.3.1/thumb/v7-m/nofp/crtbegin.o
                0x0000000008012e4c                PROVIDE (__init_array_end = .)

.fini_array     0x0000000008012e4c        0x4
                [!provide]                        PROVIDE (__fini_array_start = .)
 *(SORT_BY_NAME(.fini_array.*))
 *(.fini_array*)
 .fini_array    0x0000000008012e4c        0x4 c:/st/stm32cubeide_1.6.1/stm32cubeide/plugins/com.st.stm32cube.ide.mcu.externaltools.gnu-tools-for-stm32.9-2020-q2-update.win32_1.5.0.202011040924/tools/bin/../lib/gcc/arm-none-eabi/9.3.1/thumb/v7-m/nofp/crtbegin.o
                [!provide]                        PROVIDE (__fini_array_end = .)
                0x0000000008012e50                _sidata = LOADADDR (.data)

.data           0x0000000020000000       0x74 load address 0x0000000008012e50
                0x0000000020000000                . = ALIGN (0x4)
                0x0000000020000000                _sdata = .
 *(.data)
 *(.data*)
 .data.APBAHBPrescTable
                0x0000000020000000       0x10 Libraries/STM32F2xx_StdPeriph_Driver/src/stm32f2xx_rcc.o
 .data._impure_ptr
                0x0000000020000010        0x4 c:/st/stm32cubeide_1.6.1/stm32cubeide/plugins/com.st.stm32cube.ide.mcu.externaltools.gnu-tools-for-stm32.9-2020-q2-update.win32_1.5.0.202011040924/tools/bin/../lib/gcc/arm-none-eabi/9.3.1/../../../../arm-none-eabi/lib/thumb/v7-m/nofp\libc_nano.a(lib_a-impure.o)
                0x0000000020000010                _impure_ptr
 .data.impure_data
                0x0000000020000014       0x60 c:/st/stm32cubeide_1.6.1/stm32cubeide/plugins/com.st.stm32cube.ide.mcu.externaltools.gnu-tools-for-stm32.9-2020-q2-update.win32_1.5.0.202011040924/tools/bin/../lib/gcc/arm-none-eabi/9.3.1/../../../../arm-none-eabi/lib/thumb/v7-m/nofp\libc_nano.a(lib_a-impure.o)
                0x0000000020000074                . = ALIGN (0x4)
                0x0000000020000074                _edata = .

.igot.plt       0x0000000020000074        0x0 load address 0x0000000008012ec4
 .igot.plt      0x0000000020000074        0x0 c:/st/stm32cubeide_1.6.1/stm32cubeide/plugins/com.st.stm32cube.ide.mcu.externaltools.gnu-tools-for-stm32.9-2020-q2-update.win32_1.5.0.202011040924/tools/bin/../lib/gcc/arm-none-eabi/9.3.1/thumb/v7-m/nofp/crtbegin.o
                0x0000000020000074                . = ALIGN (0x4)

.bss            0x0000000020000074      0x5a8 load address 0x0000000008012ec4
                0x0000000020000074                _sbss = .
                0x0000000020000074                __bss_start__ = _sbss
 *(.bss)
 .bss           0x0000000020000074       0x1c c:/st/stm32cubeide_1.6.1/stm32cubeide/plugins/com.st.stm32cube.ide.mcu.externaltools.gnu-tools-for-stm32.9-2020-q2-update.win32_1.5.0.202011040924/tools/bin/../lib/gcc/arm-none-eabi/9.3.1/thumb/v7-m/nofp/crtbegin.o
 *(.bss*)
 .bss.current_heap_end.5237
                0x0000000020000090        0x4 src/heap.o
 .bss.ui8SelectSignalType
                0x0000000020000094        0x1 src/main.o
 *fill*         0x0000000020000095        0x1 
 .bss.ui16gUartTimeout
                0x0000000020000096        0x2 src/main.o
 .bss.ui32DebugCounter
                0x0000000020000098        0x4 src/main.o
                0x0000000020000098                ui32DebugCounter
 .bss.ui32ShiftU.8643
                0x000000002000009c        0x4 src/main.o
 .bss.ui32ShiftV.8644
                0x00000000200000a0        0x4 src/main.o
 .bss.ui32ShiftW.8645
                0x00000000200000a4        0x4 src/main.o
 .bss.ui16CCR1.8646
                0x00000000200000a8        0x2 src/main.o
 .bss.ui16CCR2.8647
                0x00000000200000aa        0x2 src/main.o
 .bss.ui16CCR3.8648
                0x00000000200000ac        0x2 src/main.o
 *fill*         0x00000000200000ae        0x2 
 .bss.arrui8QueueBufferRx
                0x00000000200000b0       0xff src/transfer-queue.o
 *fill*         0x00000000200001af        0x1 
 .bss.arrui8QueueBufferTx
                0x00000000200001b0      0x400 src/transfer-queue.o
 .bss.__malloc_free_list
                0x00000000200005b0        0x4 c:/st/stm32cubeide_1.6.1/stm32cubeide/plugins/com.st.stm32cube.ide.mcu.externaltools.gnu-tools-for-stm32.9-2020-q2-update.win32_1.5.0.202011040924/tools/bin/../lib/gcc/arm-none-eabi/9.3.1/../../../../arm-none-eabi/lib/thumb/v7-m/nofp\libc_nano.a(lib_a-nano-mallocr.o)
                0x00000000200005b0                __malloc_free_list
 .bss.__malloc_sbrk_start
                0x00000000200005b4        0x4 c:/st/stm32cubeide_1.6.1/stm32cubeide/plugins/com.st.stm32cube.ide.mcu.externaltools.gnu-tools-for-stm32.9-2020-q2-update.win32_1.5.0.202011040924/tools/bin/../lib/gcc/arm-none-eabi/9.3.1/../../../../arm-none-eabi/lib/thumb/v7-m/nofp\libc_nano.a(lib_a-nano-mallocr.o)
                0x00000000200005b4                __malloc_sbrk_start
 *(COMMON)
 COMMON         0x00000000200005b8       0x2c src/signals.o
                0x00000000200005b8                stcGlobalConfiguration
                0x00000000200005d4                stcGlobalRuntimeData
 COMMON         0x00000000200005e4       0x10 src/system.o
                0x00000000200005e4                stcClockFrequencies
 COMMON         0x00000000200005f4       0x18 src/transfer-queue.o
                0x00000000200005f4                stcQueueRx
                0x0000000020000600                stcQueueTx
 COMMON         0x000000002000060c        0x4 c:/st/stm32cubeide_1.6.1/stm32cubeide/plugins/com.st.stm32cube.ide.mcu.externaltools.gnu-tools-for-stm32.9-2020-q2-update.win32_1.5.0.202011040924/tools/bin/../lib/gcc/arm-none-eabi/9.3.1/../../../../arm-none-eabi/lib/thumb/v7-m/nofp\libc_nano.a(lib_a-reent.o)
                0x000000002000060c                errno
 COMMON         0x0000000020000610        0x9 c:/st/stm32cubeide_1.6.1/stm32cubeide/plugins/com.st.stm32cube.ide.mcu.externaltools.gnu-tools-for-stm32.9-2020-q2-update.win32_1.5.0.202011040924/tools/bin/../lib/gcc/arm-none-eabi/9.3.1/../../../../arm-none-eabi/lib/thumb/v7-m/nofp\libc_nano.a(lib_a-lock.o)
                0x0000000020000610                __lock___atexit_recursive_mutex
                0x0000000020000611                __lock___arc4random_mutex
                0x0000000020000612                __lock___env_recursive_mutex
                0x0000000020000613                __lock___sinit_recursive_mutex
                0x0000000020000614                __lock___malloc_recursive_mutex
                0x0000000020000615                __lock___at_quick_exit_mutex
                0x0000000020000616                __lock___dd_hash_mutex
                0x0000000020000617                __lock___tz_mutex
                0x0000000020000618                __lock___sfp_recursive_mutex
                0x000000002000061c                . = ALIGN (0x4)
 *fill*         0x0000000020000619        0x3 
                0x000000002000061c                _ebss = .
                0x000000002000061c                __bss_end__ = _ebss

._user_heap_stack
                0x000000002000061c     0x1404 load address 0x0000000008012ec4
                0x0000000020000620                . = ALIGN (0x8)
 *fill*         0x000000002000061c        0x4 
                [!provide]                        PROVIDE (end = .)
                [!provide]                        PROVIDE (_end = .)
                0x0000000020000620                _Heap_Begin = .
                0x0000000020001620                . = (. + _Min_Heap_Size)
 *fill*         0x0000000020000620     0x1000 
                0x0000000020001a20                . = (. + _Min_Stack_Size)
 *fill*         0x0000000020001620      0x400 
                0x0000000020001a20                . = ALIGN (0x8)
                0x0000000020001620                _Heap_Limit = (_Heap_Begin + _Min_Heap_Size)

.memory_b1_text
 *(.mb1text)
 *(.mb1text*)
 *(.mb1rodata)
 *(.mb1rodata*)

/DISCARD/
 libc.a(*)
 libm.a(*)
 libgcc.a(*)

.ARM.attributes
                0x0000000000000000       0x29
 *(.ARM.attributes)
 .ARM.attributes
                0x0000000000000000       0x1d c:/st/stm32cubeide_1.6.1/stm32cubeide/plugins/com.st.stm32cube.ide.mcu.externaltools.gnu-tools-for-stm32.9-2020-q2-update.win32_1.5.0.202011040924/tools/bin/../lib/gcc/arm-none-eabi/9.3.1/thumb/v7-m/nofp/crti.o
 .ARM.attributes
                0x000000000000001d       0x2d c:/st/stm32cubeide_1.6.1/stm32cubeide/plugins/com.st.stm32cube.ide.mcu.externaltools.gnu-tools-for-stm32.9-2020-q2-update.win32_1.5.0.202011040924/tools/bin/../lib/gcc/arm-none-eabi/9.3.1/thumb/v7-m/nofp/crtbegin.o
 .ARM.attributes
                0x000000000000004a       0x2d Libraries/STM32F2xx_StdPeriph_Driver/src/misc.o
 .ARM.attributes
                0x0000000000000077       0x2d Libraries/STM32F2xx_StdPeriph_Driver/src/stm32f2xx_flash.o
 .ARM.attributes
                0x00000000000000a4       0x2d Libraries/STM32F2xx_StdPeriph_Driver/src/stm32f2xx_gpio.o
 .ARM.attributes
                0x00000000000000d1       0x2d Libraries/STM32F2xx_StdPeriph_Driver/src/stm32f2xx_rcc.o
 .ARM.attributes
                0x00000000000000fe       0x2d Libraries/STM32F2xx_StdPeriph_Driver/src/stm32f2xx_tim.o
 .ARM.attributes
                0x000000000000012b       0x2d Libraries/STM32F2xx_StdPeriph_Driver/src/stm32f2xx_usart.o
 .ARM.attributes
                0x0000000000000158       0x2d src/heap.o
 .ARM.attributes
                0x0000000000000185       0x2d src/main.o
 .ARM.attributes
                0x00000000000001b2       0x2d src/signals.o
 .ARM.attributes
                0x00000000000001df       0x21 src/startup_stm32f2xx.o
 .ARM.attributes
                0x0000000000000200       0x2d src/stm32f2xx_it.o
 .ARM.attributes
                0x000000000000022d       0x2d src/system.o
 .ARM.attributes
                0x000000000000025a       0x2d src/transfer-queue.o
 .ARM.attributes
                0x0000000000000287       0x2d c:/st/stm32cubeide_1.6.1/stm32cubeide/plugins/com.st.stm32cube.ide.mcu.externaltools.gnu-tools-for-stm32.9-2020-q2-update.win32_1.5.0.202011040924/tools/bin/../lib/gcc/arm-none-eabi/9.3.1/../../../../arm-none-eabi/lib/thumb/v7-m/nofp\libc_nano.a(lib_a-errno.o)
 .ARM.attributes
                0x00000000000002b4       0x2d c:/st/stm32cubeide_1.6.1/stm32cubeide/plugins/com.st.stm32cube.ide.mcu.externaltools.gnu-tools-for-stm32.9-2020-q2-update.win32_1.5.0.202011040924/tools/bin/../lib/gcc/arm-none-eabi/9.3.1/../../../../arm-none-eabi/lib/thumb/v7-m/nofp\libc_nano.a(lib_a-impure.o)
 .ARM.attributes
                0x00000000000002e1       0x2d c:/st/stm32cubeide_1.6.1/stm32cubeide/plugins/com.st.stm32cube.ide.mcu.externaltools.gnu-tools-for-stm32.9-2020-q2-update.win32_1.5.0.202011040924/tools/bin/../lib/gcc/arm-none-eabi/9.3.1/../../../../arm-none-eabi/lib/thumb/v7-m/nofp\libc_nano.a(lib_a-init.o)
 .ARM.attributes
                0x000000000000030e       0x2d c:/st/stm32cubeide_1.6.1/stm32cubeide/plugins/com.st.stm32cube.ide.mcu.externaltools.gnu-tools-for-stm32.9-2020-q2-update.win32_1.5.0.202011040924/tools/bin/../lib/gcc/arm-none-eabi/9.3.1/../../../../arm-none-eabi/lib/thumb/v7-m/nofp\libc_nano.a(lib_a-malloc.o)
 .ARM.attributes
                0x000000000000033b       0x2d c:/st/stm32cubeide_1.6.1/stm32cubeide/plugins/com.st.stm32cube.ide.mcu.externaltools.gnu-tools-for-stm32.9-2020-q2-update.win32_1.5.0.202011040924/tools/bin/../lib/gcc/arm-none-eabi/9.3.1/../../../../arm-none-eabi/lib/thumb/v7-m/nofp\libc_nano.a(lib_a-memset.o)
 .ARM.attributes
                0x0000000000000368       0x2d c:/st/stm32cubeide_1.6.1/stm32cubeide/plugins/com.st.stm32cube.ide.mcu.externaltools.gnu-tools-for-stm32.9-2020-q2-update.win32_1.5.0.202011040924/tools/bin/../lib/gcc/arm-none-eabi/9.3.1/../../../../arm-none-eabi/lib/thumb/v7-m/nofp\libc_nano.a(lib_a-nano-freer.o)
 .ARM.attributes
                0x0000000000000395       0x2d c:/st/stm32cubeide_1.6.1/stm32cubeide/plugins/com.st.stm32cube.ide.mcu.externaltools.gnu-tools-for-stm32.9-2020-q2-update.win32_1.5.0.202011040924/tools/bin/../lib/gcc/arm-none-eabi/9.3.1/../../../../arm-none-eabi/lib/thumb/v7-m/nofp\libc_nano.a(lib_a-nano-mallocr.o)
 .ARM.attributes
                0x00000000000003c2       0x2d c:/st/stm32cubeide_1.6.1/stm32cubeide/plugins/com.st.stm32cube.ide.mcu.externaltools.gnu-tools-for-stm32.9-2020-q2-update.win32_1.5.0.202011040924/tools/bin/../lib/gcc/arm-none-eabi/9.3.1/../../../../arm-none-eabi/lib/thumb/v7-m/nofp\libc_nano.a(lib_a-sbrkr.o)
 .ARM.attributes
                0x00000000000003ef       0x2d c:/st/stm32cubeide_1.6.1/stm32cubeide/plugins/com.st.stm32cube.ide.mcu.externaltools.gnu-tools-for-stm32.9-2020-q2-update.win32_1.5.0.202011040924/tools/bin/../lib/gcc/arm-none-eabi/9.3.1/../../../../arm-none-eabi/lib/thumb/v7-m/nofp\libc_nano.a(lib_a-mlock.o)
 .ARM.attributes
                0x000000000000041c       0x2d c:/st/stm32cubeide_1.6.1/stm32cubeide/plugins/com.st.stm32cube.ide.mcu.externaltools.gnu-tools-for-stm32.9-2020-q2-update.win32_1.5.0.202011040924/tools/bin/../lib/gcc/arm-none-eabi/9.3.1/../../../../arm-none-eabi/lib/thumb/v7-m/nofp\libc_nano.a(lib_a-reent.o)
 .ARM.attributes
                0x0000000000000449       0x2d c:/st/stm32cubeide_1.6.1/stm32cubeide/plugins/com.st.stm32cube.ide.mcu.externaltools.gnu-tools-for-stm32.9-2020-q2-update.win32_1.5.0.202011040924/tools/bin/../lib/gcc/arm-none-eabi/9.3.1/../../../../arm-none-eabi/lib/thumb/v7-m/nofp\libc_nano.a(lib_a-lock.o)
 .ARM.attributes
                0x0000000000000476       0x1d c:/st/stm32cubeide_1.6.1/stm32cubeide/plugins/com.st.stm32cube.ide.mcu.externaltools.gnu-tools-for-stm32.9-2020-q2-update.win32_1.5.0.202011040924/tools/bin/../lib/gcc/arm-none-eabi/9.3.1/thumb/v7-m/nofp/crtn.o
OUTPUT(umrichter.elf elf32-littlearm)
LOAD linker stubs
LOAD c:/st/stm32cubeide_1.6.1/stm32cubeide/plugins/com.st.stm32cube.ide.mcu.externaltools.gnu-tools-for-stm32.9-2020-q2-update.win32_1.5.0.202011040924/tools/bin/../lib/gcc/arm-none-eabi/9.3.1/../../../../arm-none-eabi/lib/thumb/v7-m/nofp\libc.a
LOAD c:/st/stm32cubeide_1.6.1/stm32cubeide/plugins/com.st.stm32cube.ide.mcu.externaltools.gnu-tools-for-stm32.9-2020-q2-update.win32_1.5.0.202011040924/tools/bin/../lib/gcc/arm-none-eabi/9.3.1/../../../../arm-none-eabi/lib/thumb/v7-m/nofp\libm.a
LOAD c:/st/stm32cubeide_1.6.1/stm32cubeide/plugins/com.st.stm32cube.ide.mcu.externaltools.gnu-tools-for-stm32.9-2020-q2-update.win32_1.5.0.202011040924/tools/bin/../lib/gcc/arm-none-eabi/9.3.1/thumb/v7-m/nofp\libgcc.a

.debug_info     0x0000000000000000     0xa1f4
 .debug_info    0x0000000000000000      0x596 Libraries/STM32F2xx_StdPeriph_Driver/src/misc.o
 .debug_info    0x0000000000000596      0x795 Libraries/STM32F2xx_StdPeriph_Driver/src/stm32f2xx_flash.o
 .debug_info    0x0000000000000d2b      0x683 Libraries/STM32F2xx_StdPeriph_Driver/src/stm32f2xx_gpio.o
 .debug_info    0x00000000000013ae      0xd2a Libraries/STM32F2xx_StdPeriph_Driver/src/stm32f2xx_rcc.o
 .debug_info    0x00000000000020d8     0x1e2a Libraries/STM32F2xx_StdPeriph_Driver/src/stm32f2xx_tim.o
 .debug_info    0x0000000000003f02      0xa6c Libraries/STM32F2xx_StdPeriph_Driver/src/stm32f2xx_usart.o
 .debug_info    0x000000000000496e      0x9b1 src/heap.o
 .debug_info    0x000000000000531f     0x1a9c src/main.o
 .debug_info    0x0000000000006dbb      0xd78 src/signals.o
 .debug_info    0x0000000000007b33       0x22 src/startup_stm32f2xx.o
 .debug_info    0x0000000000007b55      0x160 src/stm32f2xx_it.o
 .debug_info    0x0000000000007cb5     0x1a79 src/system.o
 .debug_info    0x000000000000972e      0xac6 src/transfer-queue.o

.debug_abbrev   0x0000000000000000     0x18d2
 .debug_abbrev  0x0000000000000000      0x199 Libraries/STM32F2xx_StdPeriph_Driver/src/misc.o
 .debug_abbrev  0x0000000000000199      0x20e Libraries/STM32F2xx_StdPeriph_Driver/src/stm32f2xx_flash.o
 .debug_abbrev  0x00000000000003a7      0x1e9 Libraries/STM32F2xx_StdPeriph_Driver/src/stm32f2xx_gpio.o
 .debug_abbrev  0x0000000000000590      0x229 Libraries/STM32F2xx_StdPeriph_Driver/src/stm32f2xx_rcc.o
 .debug_abbrev  0x00000000000007b9      0x1c5 Libraries/STM32F2xx_StdPeriph_Driver/src/stm32f2xx_tim.o
 .debug_abbrev  0x000000000000097e      0x1ab Libraries/STM32F2xx_StdPeriph_Driver/src/stm32f2xx_usart.o
 .debug_abbrev  0x0000000000000b29      0x1bd src/heap.o
 .debug_abbrev  0x0000000000000ce6      0x3bf src/main.o
 .debug_abbrev  0x00000000000010a5      0x228 src/signals.o
 .debug_abbrev  0x00000000000012cd       0x12 src/startup_stm32f2xx.o
 .debug_abbrev  0x00000000000012df       0x83 src/stm32f2xx_it.o
 .debug_abbrev  0x0000000000001362      0x385 src/system.o
 .debug_abbrev  0x00000000000016e7      0x1eb src/transfer-queue.o

.debug_aranges  0x0000000000000000      0x920
 .debug_aranges
                0x0000000000000000       0x40 Libraries/STM32F2xx_StdPeriph_Driver/src/misc.o
 .debug_aranges
                0x0000000000000040      0x108 Libraries/STM32F2xx_StdPeriph_Driver/src/stm32f2xx_flash.o
 .debug_aranges
                0x0000000000000148       0x88 Libraries/STM32F2xx_StdPeriph_Driver/src/stm32f2xx_gpio.o
 .debug_aranges
                0x00000000000001d0      0x178 Libraries/STM32F2xx_StdPeriph_Driver/src/stm32f2xx_rcc.o
 .debug_aranges
                0x0000000000000348      0x2f8 Libraries/STM32F2xx_StdPeriph_Driver/src/stm32f2xx_tim.o
 .debug_aranges
                0x0000000000000640      0x100 Libraries/STM32F2xx_StdPeriph_Driver/src/stm32f2xx_usart.o
 .debug_aranges
                0x0000000000000740       0x20 src/heap.o
 .debug_aranges
                0x0000000000000760       0x78 src/main.o
 .debug_aranges
                0x00000000000007d8       0x38 src/signals.o
 .debug_aranges
                0x0000000000000810       0x28 src/startup_stm32f2xx.o
 .debug_aranges
                0x0000000000000838       0x60 src/stm32f2xx_it.o
 .debug_aranges
                0x0000000000000898       0x68 src/system.o
 .debug_aranges
                0x0000000000000900       0x20 src/transfer-queue.o

.debug_ranges   0x0000000000000000      0x858
 .debug_ranges  0x0000000000000000       0x30 Libraries/STM32F2xx_StdPeriph_Driver/src/misc.o
 .debug_ranges  0x0000000000000030       0xf8 Libraries/STM32F2xx_StdPeriph_Driver/src/stm32f2xx_flash.o
 .debug_ranges  0x0000000000000128       0x78 Libraries/STM32F2xx_StdPeriph_Driver/src/stm32f2xx_gpio.o
 .debug_ranges  0x00000000000001a0      0x168 Libraries/STM32F2xx_StdPeriph_Driver/src/stm32f2xx_rcc.o
 .debug_ranges  0x0000000000000308      0x2e8 Libraries/STM32F2xx_StdPeriph_Driver/src/stm32f2xx_tim.o
 .debug_ranges  0x00000000000005f0       0xf0 Libraries/STM32F2xx_StdPeriph_Driver/src/stm32f2xx_usart.o
 .debug_ranges  0x00000000000006e0       0x10 src/heap.o
 .debug_ranges  0x00000000000006f0       0x68 src/main.o
 .debug_ranges  0x0000000000000758       0x28 src/signals.o
 .debug_ranges  0x0000000000000780       0x20 src/startup_stm32f2xx.o
 .debug_ranges  0x00000000000007a0       0x50 src/stm32f2xx_it.o
 .debug_ranges  0x00000000000007f0       0x58 src/system.o
 .debug_ranges  0x0000000000000848       0x10 src/transfer-queue.o

.debug_macro    0x0000000000000000    0x10f19
 .debug_macro   0x0000000000000000      0x1b9 Libraries/STM32F2xx_StdPeriph_Driver/src/misc.o
 .debug_macro   0x00000000000001b9      0xa9c Libraries/STM32F2xx_StdPeriph_Driver/src/misc.o
 .debug_macro   0x0000000000000c55       0x50 Libraries/STM32F2xx_StdPeriph_Driver/src/misc.o
 .debug_macro   0x0000000000000ca5       0x34 Libraries/STM32F2xx_StdPeriph_Driver/src/misc.o
 .debug_macro   0x0000000000000cd9       0x22 Libraries/STM32F2xx_StdPeriph_Driver/src/misc.o
 .debug_macro   0x0000000000000cfb       0x8e Libraries/STM32F2xx_StdPeriph_Driver/src/misc.o
 .debug_macro   0x0000000000000d89       0x51 Libraries/STM32F2xx_StdPeriph_Driver/src/misc.o
 .debug_macro   0x0000000000000dda      0x103 Libraries/STM32F2xx_StdPeriph_Driver/src/misc.o
 .debug_macro   0x0000000000000edd       0x6a Libraries/STM32F2xx_StdPeriph_Driver/src/misc.o
 .debug_macro   0x0000000000000f47      0x1df Libraries/STM32F2xx_StdPeriph_Driver/src/misc.o
 .debug_macro   0x0000000000001126       0x18 Libraries/STM32F2xx_StdPeriph_Driver/src/misc.o
 .debug_macro   0x000000000000113e      0x735 Libraries/STM32F2xx_StdPeriph_Driver/src/misc.o
 .debug_macro   0x0000000000001873     0x7f9a Libraries/STM32F2xx_StdPeriph_Driver/src/misc.o
 .debug_macro   0x000000000000980d      0x44f Libraries/STM32F2xx_StdPeriph_Driver/src/misc.o
 .debug_macro   0x0000000000009c5c      0x3cf Libraries/STM32F2xx_StdPeriph_Driver/src/misc.o
 .debug_macro   0x000000000000a02b      0x111 Libraries/STM32F2xx_StdPeriph_Driver/src/misc.o
 .debug_macro   0x000000000000a13c      0x188 Libraries/STM32F2xx_StdPeriph_Driver/src/misc.o
 .debug_macro   0x000000000000a2c4       0xb2 Libraries/STM32F2xx_StdPeriph_Driver/src/misc.o
 .debug_macro   0x000000000000a376      0x149 Libraries/STM32F2xx_StdPeriph_Driver/src/misc.o
 .debug_macro   0x000000000000a4bf      0x477 Libraries/STM32F2xx_StdPeriph_Driver/src/misc.o
 .debug_macro   0x000000000000a936       0xae Libraries/STM32F2xx_StdPeriph_Driver/src/misc.o
 .debug_macro   0x000000000000a9e4      0x242 Libraries/STM32F2xx_StdPeriph_Driver/src/misc.o
 .debug_macro   0x000000000000ac26      0x279 Libraries/STM32F2xx_StdPeriph_Driver/src/misc.o
 .debug_macro   0x000000000000ae9f       0xb5 Libraries/STM32F2xx_StdPeriph_Driver/src/misc.o
 .debug_macro   0x000000000000af54      0x25e Libraries/STM32F2xx_StdPeriph_Driver/src/misc.o
 .debug_macro   0x000000000000b1b2      0x2b3 Libraries/STM32F2xx_StdPeriph_Driver/src/misc.o
 .debug_macro   0x000000000000b465       0x64 Libraries/STM32F2xx_StdPeriph_Driver/src/misc.o
 .debug_macro   0x000000000000b4c9       0x88 Libraries/STM32F2xx_StdPeriph_Driver/src/misc.o
 .debug_macro   0x000000000000b551      0x536 Libraries/STM32F2xx_StdPeriph_Driver/src/misc.o
 .debug_macro   0x000000000000ba87       0x40 Libraries/STM32F2xx_StdPeriph_Driver/src/misc.o
 .debug_macro   0x000000000000bac7      0x3f3 Libraries/STM32F2xx_StdPeriph_Driver/src/misc.o
 .debug_macro   0x000000000000beba      0x342 Libraries/STM32F2xx_StdPeriph_Driver/src/misc.o
 .debug_macro   0x000000000000c1fc      0x357 Libraries/STM32F2xx_StdPeriph_Driver/src/misc.o
 .debug_macro   0x000000000000c553       0xe1 Libraries/STM32F2xx_StdPeriph_Driver/src/misc.o
 .debug_macro   0x000000000000c634      0x73b Libraries/STM32F2xx_StdPeriph_Driver/src/misc.o
 .debug_macro   0x000000000000cd6f      0x221 Libraries/STM32F2xx_StdPeriph_Driver/src/misc.o
 .debug_macro   0x000000000000cf90       0x34 Libraries/STM32F2xx_StdPeriph_Driver/src/misc.o
 .debug_macro   0x000000000000cfc4       0x35 Libraries/STM32F2xx_StdPeriph_Driver/src/misc.o
 .debug_macro   0x000000000000cff9       0x7c Libraries/STM32F2xx_StdPeriph_Driver/src/misc.o
 .debug_macro   0x000000000000d075      0x1b9 Libraries/STM32F2xx_StdPeriph_Driver/src/stm32f2xx_flash.o
 .debug_macro   0x000000000000d22e      0x23c Libraries/STM32F2xx_StdPeriph_Driver/src/stm32f2xx_flash.o
 .debug_macro   0x000000000000d46a      0x1b3 Libraries/STM32F2xx_StdPeriph_Driver/src/stm32f2xx_gpio.o
 .debug_macro   0x000000000000d61d      0x258 Libraries/STM32F2xx_StdPeriph_Driver/src/stm32f2xx_gpio.o
 .debug_macro   0x000000000000d875      0x25c Libraries/STM32F2xx_StdPeriph_Driver/src/stm32f2xx_rcc.o
 .debug_macro   0x000000000000dad1      0x530 Libraries/STM32F2xx_StdPeriph_Driver/src/stm32f2xx_rcc.o
 .debug_macro   0x000000000000e001      0x1dd Libraries/STM32F2xx_StdPeriph_Driver/src/stm32f2xx_tim.o
 .debug_macro   0x000000000000e1de      0x735 Libraries/STM32F2xx_StdPeriph_Driver/src/stm32f2xx_tim.o
 .debug_macro   0x000000000000e913      0x1cb Libraries/STM32F2xx_StdPeriph_Driver/src/stm32f2xx_usart.o
 .debug_macro   0x000000000000eade      0x21b Libraries/STM32F2xx_StdPeriph_Driver/src/stm32f2xx_usart.o
 .debug_macro   0x000000000000ecf9      0x1d9 src/heap.o
 .debug_macro   0x000000000000eed2       0x10 src/heap.o
 .debug_macro   0x000000000000eee2       0x52 src/heap.o
 .debug_macro   0x000000000000ef34       0x18 src/heap.o
 .debug_macro   0x000000000000ef4c       0x3c src/heap.o
 .debug_macro   0x000000000000ef88       0x34 src/heap.o
 .debug_macro   0x000000000000efbc      0x174 src/heap.o
 .debug_macro   0x000000000000f130       0x16 src/heap.o
 .debug_macro   0x000000000000f146       0x43 src/heap.o
 .debug_macro   0x000000000000f189       0x34 src/heap.o
 .debug_macro   0x000000000000f1bd       0x10 src/heap.o
 .debug_macro   0x000000000000f1cd       0x58 src/heap.o
 .debug_macro   0x000000000000f225       0x71 src/heap.o
 .debug_macro   0x000000000000f296       0x1c src/heap.o
 .debug_macro   0x000000000000f2b2      0x12a src/heap.o
 .debug_macro   0x000000000000f3dc      0x23b src/heap.o
 .debug_macro   0x000000000000f617       0x1c src/heap.o
 .debug_macro   0x000000000000f633       0x35 src/heap.o
 .debug_macro   0x000000000000f668      0x339 src/heap.o
 .debug_macro   0x000000000000f9a1       0x10 src/heap.o
 .debug_macro   0x000000000000f9b1       0x10 src/heap.o
 .debug_macro   0x000000000000f9c1       0x1c src/heap.o
 .debug_macro   0x000000000000f9dd       0x52 src/heap.o
 .debug_macro   0x000000000000fa2f       0x22 src/heap.o
 .debug_macro   0x000000000000fa51       0x10 src/heap.o
 .debug_macro   0x000000000000fa61       0x40 src/heap.o
 .debug_macro   0x000000000000faa1       0xd5 src/heap.o
 .debug_macro   0x000000000000fb76       0x1c src/heap.o
 .debug_macro   0x000000000000fb92       0x3d src/heap.o
 .debug_macro   0x000000000000fbcf       0x16 src/heap.o
 .debug_macro   0x000000000000fbe5      0x145 src/heap.o
 .debug_macro   0x000000000000fd2a      0x313 src/main.o
 .debug_macro   0x000000000001003d       0x4c src/main.o
 .debug_macro   0x0000000000010089       0x94 src/main.o
 .debug_macro   0x000000000001011d       0x57 src/main.o
 .debug_macro   0x0000000000010174      0x1a9 src/main.o
 .debug_macro   0x000000000001031d       0x16 src/main.o
 .debug_macro   0x0000000000010333       0x16 src/main.o
 .debug_macro   0x0000000000010349       0x29 src/main.o
 .debug_macro   0x0000000000010372       0x16 src/main.o
 .debug_macro   0x0000000000010388       0x20 src/main.o
 .debug_macro   0x00000000000103a8       0x70 src/main.o
 .debug_macro   0x0000000000010418       0x46 src/main.o
 .debug_macro   0x000000000001045e       0x28 src/main.o
 .debug_macro   0x0000000000010486       0x16 src/main.o
 .debug_macro   0x000000000001049c      0x2ec src/signals.o
 .debug_macro   0x0000000000010788      0x1b3 src/stm32f2xx_it.o
 .debug_macro   0x000000000001093b      0x2f2 src/system.o
 .debug_macro   0x0000000000010c2d      0x2ec src/transfer-queue.o

.debug_line     0x0000000000000000     0x88c4
 .debug_line    0x0000000000000000      0x77f Libraries/STM32F2xx_StdPeriph_Driver/src/misc.o
 .debug_line    0x000000000000077f      0xb16 Libraries/STM32F2xx_StdPeriph_Driver/src/stm32f2xx_flash.o
 .debug_line    0x0000000000001295      0x97a Libraries/STM32F2xx_StdPeriph_Driver/src/stm32f2xx_gpio.o
 .debug_line    0x0000000000001c0f      0xde8 Libraries/STM32F2xx_StdPeriph_Driver/src/stm32f2xx_rcc.o
 .debug_line    0x00000000000029f7     0x15a4 Libraries/STM32F2xx_StdPeriph_Driver/src/stm32f2xx_tim.o
 .debug_line    0x0000000000003f9b      0xba5 Libraries/STM32F2xx_StdPeriph_Driver/src/stm32f2xx_usart.o
 .debug_line    0x0000000000004b40      0x5ad src/heap.o
 .debug_line    0x00000000000050ed     0x14a3 src/main.o
 .debug_line    0x0000000000006590      0x8a5 src/signals.o
 .debug_line    0x0000000000006e35       0x79 src/startup_stm32f2xx.o
 .debug_line    0x0000000000006eae      0x726 src/stm32f2xx_it.o
 .debug_line    0x00000000000075d4      0xab5 src/system.o
 .debug_line    0x0000000000008089      0x83b src/transfer-queue.o

.debug_str      0x0000000000000000    0x5cb65
 .debug_str     0x0000000000000000    0x53bf0 Libraries/STM32F2xx_StdPeriph_Driver/src/misc.o
                                      0x53d99 (size before relaxing)
 .debug_str     0x0000000000053bf0      0x3f6 Libraries/STM32F2xx_StdPeriph_Driver/src/stm32f2xx_flash.o
                                      0x53f56 (size before relaxing)
 .debug_str     0x0000000000053fe6      0x30e Libraries/STM32F2xx_StdPeriph_Driver/src/stm32f2xx_gpio.o
                                      0x53e44 (size before relaxing)
 .debug_str     0x00000000000542f4      0xb17 Libraries/STM32F2xx_StdPeriph_Driver/src/stm32f2xx_rcc.o
                                      0x546c5 (size before relaxing)
 .debug_str     0x0000000000054e0b      0xc34 Libraries/STM32F2xx_StdPeriph_Driver/src/stm32f2xx_tim.o
                                      0x54838 (size before relaxing)
 .debug_str     0x0000000000055a3f      0x54e Libraries/STM32F2xx_StdPeriph_Driver/src/stm32f2xx_usart.o
                                      0x54154 (size before relaxing)
 .debug_str     0x0000000000055f8d     0x47f5 src/heap.o
                                       0x8598 (size before relaxing)
 .debug_str     0x000000000005a782     0x2097 src/main.o
                                      0x59253 (size before relaxing)
 .debug_str     0x000000000005c819       0x81 src/signals.o
                                      0x587a4 (size before relaxing)
 .debug_str     0x000000000005c89a       0x29 src/startup_stm32f2xx.o
                                         0x87 (size before relaxing)
 .debug_str     0x000000000005c8c3       0xb7 src/stm32f2xx_it.o
                                      0x53ba1 (size before relaxing)
 .debug_str     0x000000000005c97a      0x19f src/system.o
                                      0x5917c (size before relaxing)
 .debug_str     0x000000000005cb19       0x4c src/transfer-queue.o
                                      0x58550 (size before relaxing)

.comment        0x0000000000000000       0x53
 .comment       0x0000000000000000       0x53 Libraries/STM32F2xx_StdPeriph_Driver/src/misc.o
                                         0x54 (size before relaxing)
 .comment       0x0000000000000053       0x54 Libraries/STM32F2xx_StdPeriph_Driver/src/stm32f2xx_flash.o
 .comment       0x0000000000000053       0x54 Libraries/STM32F2xx_StdPeriph_Driver/src/stm32f2xx_gpio.o
 .comment       0x0000000000000053       0x54 Libraries/STM32F2xx_StdPeriph_Driver/src/stm32f2xx_rcc.o
 .comment       0x0000000000000053       0x54 Libraries/STM32F2xx_StdPeriph_Driver/src/stm32f2xx_tim.o
 .comment       0x0000000000000053       0x54 Libraries/STM32F2xx_StdPeriph_Driver/src/stm32f2xx_usart.o
 .comment       0x0000000000000053       0x54 src/heap.o
 .comment       0x0000000000000053       0x54 src/main.o
 .comment       0x0000000000000053       0x54 src/signals.o
 .comment       0x0000000000000053       0x54 src/stm32f2xx_it.o
 .comment       0x0000000000000053       0x54 src/system.o
 .comment       0x0000000000000053       0x54 src/transfer-queue.o

.debug_frame    0x0000000000000000     0x28dc
 .debug_frame   0x0000000000000000       0xd8 Libraries/STM32F2xx_StdPeriph_Driver/src/misc.o
 .debug_frame   0x00000000000000d8      0x44c Libraries/STM32F2xx_StdPeriph_Driver/src/stm32f2xx_flash.o
 .debug_frame   0x0000000000000524      0x23c Libraries/STM32F2xx_StdPeriph_Driver/src/stm32f2xx_gpio.o
 .debug_frame   0x0000000000000760      0x6d4 Libraries/STM32F2xx_StdPeriph_Driver/src/stm32f2xx_rcc.o
 .debug_frame   0x0000000000000e34      0xe54 Libraries/STM32F2xx_StdPeriph_Driver/src/stm32f2xx_tim.o
 .debug_frame   0x0000000000001c88      0x490 Libraries/STM32F2xx_StdPeriph_Driver/src/stm32f2xx_usart.o
 .debug_frame   0x0000000000002118       0x34 src/heap.o
 .debug_frame   0x000000000000214c      0x1c4 src/main.o
 .debug_frame   0x0000000000002310       0xb0 src/signals.o
 .debug_frame   0x00000000000023c0      0x108 src/stm32f2xx_it.o
 .debug_frame   0x00000000000024c8      0x178 src/system.o
 .debug_frame   0x0000000000002640       0x30 src/transfer-queue.o
 .debug_frame   0x0000000000002670       0x20 c:/st/stm32cubeide_1.6.1/stm32cubeide/plugins/com.st.stm32cube.ide.mcu.externaltools.gnu-tools-for-stm32.9-2020-q2-update.win32_1.5.0.202011040924/tools/bin/../lib/gcc/arm-none-eabi/9.3.1/../../../../arm-none-eabi/lib/thumb/v7-m/nofp\libc_nano.a(lib_a-errno.o)
 .debug_frame   0x0000000000002690       0x2c c:/st/stm32cubeide_1.6.1/stm32cubeide/plugins/com.st.stm32cube.ide.mcu.externaltools.gnu-tools-for-stm32.9-2020-q2-update.win32_1.5.0.202011040924/tools/bin/../lib/gcc/arm-none-eabi/9.3.1/../../../../arm-none-eabi/lib/thumb/v7-m/nofp\libc_nano.a(lib_a-init.o)
 .debug_frame   0x00000000000026bc       0x30 c:/st/stm32cubeide_1.6.1/stm32cubeide/plugins/com.st.stm32cube.ide.mcu.externaltools.gnu-tools-for-stm32.9-2020-q2-update.win32_1.5.0.202011040924/tools/bin/../lib/gcc/arm-none-eabi/9.3.1/../../../../arm-none-eabi/lib/thumb/v7-m/nofp\libc_nano.a(lib_a-malloc.o)
 .debug_frame   0x00000000000026ec       0x20 c:/st/stm32cubeide_1.6.1/stm32cubeide/plugins/com.st.stm32cube.ide.mcu.externaltools.gnu-tools-for-stm32.9-2020-q2-update.win32_1.5.0.202011040924/tools/bin/../lib/gcc/arm-none-eabi/9.3.1/../../../../arm-none-eabi/lib/thumb/v7-m/nofp\libc_nano.a(lib_a-memset.o)
 .debug_frame   0x000000000000270c       0x38 c:/st/stm32cubeide_1.6.1/stm32cubeide/plugins/com.st.stm32cube.ide.mcu.externaltools.gnu-tools-for-stm32.9-2020-q2-update.win32_1.5.0.202011040924/tools/bin/../lib/gcc/arm-none-eabi/9.3.1/../../../../arm-none-eabi/lib/thumb/v7-m/nofp\libc_nano.a(lib_a-nano-freer.o)
 .debug_frame   0x0000000000002744       0x30 c:/st/stm32cubeide_1.6.1/stm32cubeide/plugins/com.st.stm32cube.ide.mcu.externaltools.gnu-tools-for-stm32.9-2020-q2-update.win32_1.5.0.202011040924/tools/bin/../lib/gcc/arm-none-eabi/9.3.1/../../../../arm-none-eabi/lib/thumb/v7-m/nofp\libc_nano.a(lib_a-nano-mallocr.o)
 .debug_frame   0x0000000000002774       0x2c c:/st/stm32cubeide_1.6.1/stm32cubeide/plugins/com.st.stm32cube.ide.mcu.externaltools.gnu-tools-for-stm32.9-2020-q2-update.win32_1.5.0.202011040924/tools/bin/../lib/gcc/arm-none-eabi/9.3.1/../../../../arm-none-eabi/lib/thumb/v7-m/nofp\libc_nano.a(lib_a-sbrkr.o)
 .debug_frame   0x00000000000027a0       0x30 c:/st/stm32cubeide_1.6.1/stm32cubeide/plugins/com.st.stm32cube.ide.mcu.externaltools.gnu-tools-for-stm32.9-2020-q2-update.win32_1.5.0.202011040924/tools/bin/../lib/gcc/arm-none-eabi/9.3.1/../../../../arm-none-eabi/lib/thumb/v7-m/nofp\libc_nano.a(lib_a-mlock.o)
 .debug_frame   0x00000000000027d0       0x5c c:/st/stm32cubeide_1.6.1/stm32cubeide/plugins/com.st.stm32cube.ide.mcu.externaltools.gnu-tools-for-stm32.9-2020-q2-update.win32_1.5.0.202011040924/tools/bin/../lib/gcc/arm-none-eabi/9.3.1/../../../../arm-none-eabi/lib/thumb/v7-m/nofp\libc_nano.a(lib_a-reent.o)
 .debug_frame   0x000000000000282c       0xb0 c:/st/stm32cubeide_1.6.1/stm32cubeide/plugins/com.st.stm32cube.ide.mcu.externaltools.gnu-tools-for-stm32.9-2020-q2-update.win32_1.5.0.202011040924/tools/bin/../lib/gcc/arm-none-eabi/9.3.1/../../../../arm-none-eabi/lib/thumb/v7-m/nofp\libc_nano.a(lib_a-lock.o)
